// Jest Snapshot v1, https://goo.gl/fbAQLP

exports[`Spinner should match snapshot with correct className 1`] = `
<div
  className="text-align-center servicenow-spinner-wrapper mockClassName"
>
  <svg
    className="spinner"
    viewBox="0 0 80 80"
    xmlns="http://www.w3.org/2000/svg"
  >
    <circle
      cx="40"
      cy="40"
      r="30"
    />
  </svg>
</div>
`;
