// Jest Snapshot v1, https://goo.gl/fbAQLP

exports[`Download Button Should render correctly 1`] = `
<FormGroup>
  <Col
    sm={4}
  >
    mockLabel
  </Col>
  <Col
    sm={8}
  >
    <a
      download={true}
      href="http://localhost:8065/plugins/mattermost-plugin-servicenow/public/servicenow_for_mattermost_notifications_v2.3.xml"
    >
      <Button
        active={false}
        disabled={false}
        type="button"
        variant="primary"
      >
        Download
      </Button>
    </a>
    <div
      className="help-text"
    >
      <span>
        mockText
      </span>
    </div>
  </Col>
</FormGroup>
`;
